
> frontend@0.1.0 build
> next build

Γû▓ Next.js 16.1.6 (Turbopack)

  Creating an optimized production build ...
Γ£ô Compiled successfully in 3.5s
  Running TypeScript ...
  Collecting page data using 11 workers ...
  Generating static pages using 11 workers (0/10) ...
  Generating static pages using 11 workers (2/10) 
  Generating static pages using 11 workers (4/10) 
  Generating static pages using 11 workers (7/10) 
Γ£ô Generating static pages using 11 workers (10/10) in 1372.2ms
  Finalizing page optimization ...

Route (app)
Γöî Γùï /
Γö£ Γùï /_not-found
Γö£ Γùï /alumni
Γö£ Γùï /batches
Γö£ Γùï /chat
Γö£ Γùï /fest
Γö£ Γùï /members
Γöö Γùï /profile


Γùï  (Static)  prerendered as static content

